 
****************************************
Report : area
Design : attention_top
Version: R-2020.09-SP5
Date   : Fri Jun  5 09:31:11 2026
****************************************

Library(s) Used:

    slow (File: /usr/cad/designkit/digital/T13/CBDK_IC_Contest_v2.5/SynopsysDC/db/slow.db)

Number of ports:                          336
Number of nets:                         69307
Number of cells:                        63280
Number of combinational cells:          54556
Number of sequential cells:              8723
Number of macros/black boxes:               0
Number of buf/inv:                       7363
Number of references:                     132

Combinational area:             484023.790432
Buf/Inv area:                    35007.177213
Noncombinational area:          283063.506935
Macro/Black Box area:                0.000000
Net Interconnect area:         7495078.360046

Total cell area:                767087.297367
Total area:                    8262165.657413
1
