Information: Updating design information... (UID-85)
Warning: Design 'attention_top' contains 1 high-fanout nets. A fanout number of 1000 will be used for delay calculations involving these nets. (TIM-134)
 
****************************************
Report : timing
        -path full
        -delay max
        -max_paths 1
Design : attention_top
Version: R-2020.09-SP5
Date   : Fri Jun  5 09:31:11 2026
****************************************

 # A fanout number of 1000 was used for high fanout net computations.

Operating Conditions: slow   Library: slow
Wire Load Model Mode: top

  Startpoint: u_sa/genblk1[5].pe_grid[1].u_pe/b_out_reg[1]
              (rising edge-triggered flip-flop clocked by CLK)
  Endpoint: u_sa/genblk1[6].pe_grid[1].u_pe/acc_out_reg[19]
            (rising edge-triggered flip-flop clocked by CLK)
  Path Group: CLK
  Path Type: max

  Des/Clust/Port     Wire Load Model       Library
  ------------------------------------------------
  attention_top      tsmc13_wl10           slow

  Point                                                   Incr       Path
  --------------------------------------------------------------------------
  clock CLK (rise edge)                                   0.00       0.00
  clock network delay (ideal)                             0.50       0.50
  u_sa/genblk1[5].pe_grid[1].u_pe/b_out_reg[1]/CK (DFFRX1)
                                                          0.00 #     0.50 r
  u_sa/genblk1[5].pe_grid[1].u_pe/b_out_reg[1]/Q (DFFRX1)
                                                          0.57       1.07 f
  U12267/Y (CLKBUFX3)                                     0.56       1.63 f
  U12266/Y (XNOR2X2)                                      0.77       2.40 r
  U12296/Y (INVXL)                                        0.28       2.68 f
  U15325/Y (NAND2BX2)                                     0.53       3.21 f
  U15324/Y (OAI22XL)                                      0.49       3.69 r
  U34437/S (ADDFXL)                                       1.15       4.84 r
  U15326/Y (NAND2BX1)                                     0.28       5.12 f
  U34435/Y (INVXL)                                        0.31       5.43 r
  U34436/Y (AOI21X1)                                      0.23       5.65 f
  U15320/Y (NAND2BX2)                                     0.27       5.93 f
  U14463/Y (AND2X2)                                       0.27       6.20 f
  U15319/Y (NOR2BX2)                                      0.16       6.36 r
  U12081/Y (NOR2X1)                                       0.17       6.53 f
  U15318/Y (OA21X4)                                       0.28       6.81 f
  U14318/Y (NOR2X2)                                       0.14       6.95 r
  U14304/Y (NOR2X2)                                       0.14       7.09 f
  U34441/Y (OAI21X2)                                      0.28       7.37 r
  U14284/Y (AOI21X2)                                      0.21       7.57 f
  U15322/Y (OR2X4)                                        0.20       7.77 f
  U14262/Y (NAND2X2)                                      0.16       7.93 r
  U15321/Y (AOI21X4)                                      0.14       8.07 f
  U12821/Y (OAI21X1)                                      0.45       8.52 r
  U34447/Y (AOI21X2)                                      0.25       8.77 f
  U12620/Y (OR2X2)                                        0.28       9.05 f
  U14121/Y (NAND2X2)                                      0.15       9.20 r
  U14106/Y (AOI21X2)                                      0.18       9.38 f
  U15323/Y (OAI21X2)                                      0.20       9.58 r
  U14094/Y (XNOR2X1)                                      0.24       9.82 f
  U34517/Y (AO22X1)                                       0.35      10.17 f
  u_sa/genblk1[6].pe_grid[1].u_pe/acc_out_reg[19]/D (DFFRX1)
                                                          0.00      10.17 f
  data arrival time                                                 10.17

  clock CLK (rise edge)                                  10.00      10.00
  clock network delay (ideal)                             0.50      10.50
  clock uncertainty                                      -0.10      10.40
  u_sa/genblk1[6].pe_grid[1].u_pe/acc_out_reg[19]/CK (DFFRX1)
                                                          0.00      10.40 r
  library setup time                                     -0.23      10.17
  data required time                                                10.17
  --------------------------------------------------------------------------
  data required time                                                10.17
  data arrival time                                                -10.17
  --------------------------------------------------------------------------
  slack (MET)                                                        0.00


1
