 
****************************************
Report : power
        -analysis_effort low
Design : attention_top
Version: R-2020.09-SP5
Date   : Fri Jun  5 09:31:12 2026
****************************************


Library(s) Used:

    slow (File: /usr/cad/designkit/digital/T13/CBDK_IC_Contest_v2.5/SynopsysDC/db/slow.db)


Operating Conditions: slow   Library: slow
Wire Load Model Mode: top

Design        Wire Load Model            Library
------------------------------------------------
attention_top          tsmc13_wl10       slow


Global Operating Voltage = 1.08 
Power-specific unit information :
    Voltage Units = 1V
    Capacitance Units = 1.000000pf
    Time Units = 1ns
    Dynamic Power Units = 1mW    (derived from V,C,T units)
    Leakage Power Units = 1pW


  Cell Internal Power  =  18.1256 mW   (94%)
  Net Switching Power  =   1.1309 mW    (6%)
                         ---------
Total Dynamic Power    =  19.2565 mW  (100%)

Cell Leakage Power     = 617.3787 uW


                 Internal         Switching           Leakage            Total
Power Group      Power            Power               Power              Power   (   %    )  Attrs
--------------------------------------------------------------------------------------------------
io_pad             0.0000            0.0000            0.0000            0.0000  (   0.00%)
memory             0.0000            0.0000            0.0000            0.0000  (   0.00%)
black_box          0.0000            0.0000            0.0000            0.0000  (   0.00%)
clock_network      0.0000            0.0000            0.0000            0.0000  (   0.00%)
register          18.0569        1.3772e-02        2.5952e+08           18.3299  (  92.23%)
sequential         0.0000            0.0000            0.0000            0.0000  (   0.00%)
combinational  6.8840e-02            1.1172        3.5786e+08            1.5439  (   7.77%)
--------------------------------------------------------------------------------------------------
Total             18.1257 mW         1.1309 mW     6.1738e+08 pW        19.8738 mW
1
